
  Determining projects to restore...
  Restored C:\Users\miles\vcs\mcg-agent-orchestrator\.orchestrator-worktrees\6993fadb\src\Mcg.AgentOrchestrator.Core\Mcg.AgentOrchestrator.Core.csproj (in 52 ms).
C:\Users\miles\vcs\mcg-agent-orchestrator\.orchestrator-worktrees\6993fadb\src\Mcg.AgentOrchestrator.Infrastructure\Mcg.AgentOrchestrator.Infrastructure.csproj : warning NU1903: Package 'SQLitePCLRaw.lib.e_sqlite3' 2.1.10 has a known high severity vulnerability, https://github.com/advisories/GHSA-2m69-gcr7-jv3q [C:\Users\miles\vcs\mcg-agent-orchestrator\.orchestrator-worktrees\6993fadb\tests\Mcg.AgentOrchestrator.Infrastructure.Tests\Mcg.AgentOrchestrator.Infrastructure.Tests.csproj]
C:\Users\miles\vcs\mcg-agent-orchestrator\.orchestrator-worktrees\6993fadb\src\Mcg.AgentOrchestrator.App\Mcg.AgentOrchestrator.App.csproj : warning NU1903: Package 'SQLitePCLRaw.lib.e_sqlite3' 2.1.10 has a known high severity vulnerability, https://github.com/advisories/GHSA-2m69-gcr7-jv3q [C:\Users\miles\vcs\mcg-agent-orchestrator\.orchestrator-worktrees\6993fadb\tests\Mcg.AgentOrchestrator.Infrastructure.Tests\Mcg.AgentOrchestrator.Infrastructure.Tests.csproj]
C:\Users\miles\vcs\mcg-agent-orchestrator\.orchestrator-worktrees\6993fadb\tests\Mcg.AgentOrchestrator.Infrastructure.Tests\Mcg.AgentOrchestrator.Infrastructure.Tests.csproj : warning NU1903: Package 'SQLitePCLRaw.lib.e_sqlite3' 2.1.10 has a known high severity vulnerability, https://github.com/advisories/GHSA-2m69-gcr7-jv3q
  Restored C:\Users\miles\vcs\mcg-agent-orchestrator\.orchestrator-worktrees\6993fadb\src\Mcg.AgentOrchestrator.Infrastructure\Mcg.AgentOrchestrator.Infrastructure.csproj (in 154 ms).
  Restored C:\Users\miles\vcs\mcg-agent-orchestrator\.orchestrator-worktrees\6993fadb\src\Mcg.AgentOrchestrator.App\Mcg.AgentOrchestrator.App.csproj (in 154 ms).
  Restored C:\Users\miles\vcs\mcg-agent-orchestrator\.orchestrator-worktrees\6993fadb\tests\Mcg.AgentOrchestrator.Infrastructure.Tests\Mcg.AgentOrchestrator.Infrastructure.Tests.csproj (in 154 ms).
C:\Users\miles\vcs\mcg-agent-orchestrator\.orchestrator-worktrees\6993fadb\tests\Mcg.AgentOrchestrator.Infrastructure.Tests\Mcg.AgentOrchestrator.Infrastructure.Tests.csproj : warning NU1903: Package 'SQLitePCLRaw.lib.e_sqlite3' 2.1.10 has a known high severity vulnerability, https://github.com/advisories/GHSA-2m69-gcr7-jv3q
C:\Users\miles\vcs\mcg-agent-orchestrator\.orchestrator-worktrees\6993fadb\src\Mcg.AgentOrchestrator.Core\Reports\TaskDurationReport.cs(253,65): warning CA1859: Change type of parameter 'sorted' from 'System.Collections.Generic.IReadOnlyList<System.TimeSpan>' to 'System.Collections.Generic.List<System.TimeSpan>' for improved performance (https://learn.microsoft.com/dotnet/fundamentals/code-analysis/quality-rules/ca1859) [C:\Users\miles\vcs\mcg-agent-orchestrator\.orchestrator-worktrees\6993fadb\src\Mcg.AgentOrchestrator.Core\Mcg.AgentOrchestrator.Core.csproj]
C:\Users\miles\vcs\mcg-agent-orchestrator\.orchestrator-worktrees\6993fadb\src\Mcg.AgentOrchestrator.Core\Reports\TaskDurationReport.cs(197,39): warning CA1859: Change type of parameter 'dispatchTimes' from 'System.Collections.Generic.IReadOnlyList<System.DateTimeOffset>' to 'System.Collections.Generic.List<System.DateTimeOffset>' for improved performance (https://learn.microsoft.com/dotnet/fundamentals/code-analysis/quality-rules/ca1859) [C:\Users\miles\vcs\mcg-agent-orchestrator\.orchestrator-worktrees\6993fadb\src\Mcg.AgentOrchestrator.Core\Mcg.AgentOrchestrator.Core.csproj]
C:\Users\miles\vcs\mcg-agent-orchestrator\.orchestrator-worktrees\6993fadb\src\Mcg.AgentOrchestrator.Core\Reports\TaskDurationReport.cs(72,59): warning CA1859: Change return type of method 'Build' from 'System.Collections.Generic.IReadOnlyList<Mcg.AgentOrchestrator.Core.TaskDurationStatsRecord>' to 'System.Collections.Generic.List<Mcg.AgentOrchestrator.Core.TaskDurationStatsRecord>' for improved performance (https://learn.microsoft.com/dotnet/fundamentals/code-analysis/quality-rules/ca1859) [C:\Users\miles\vcs\mcg-agent-orchestrator\.orchestrator-worktrees\6993fadb\src\Mcg.AgentOrchestrator.Core\Mcg.AgentOrchestrator.Core.csproj]
C:\Users\miles\vcs\mcg-agent-orchestrator\.orchestrator-worktrees\6993fadb\src\Mcg.AgentOrchestrator.Core\Reports\LoopHealthReport.cs(122,60): warning CA1859: Change return type of method 'BuildJudgeVerdictDistributions' from 'System.Collections.Generic.IReadOnlyList<Mcg.AgentOrchestrator.Core.JudgeVerdictDistribution>' to 'System.Collections.Generic.List<Mcg.AgentOrchestrator.Core.JudgeVerdictDistribution>' for improved performance (https://learn.microsoft.com/dotnet/fundamentals/code-analysis/quality-rules/ca1859) [C:\Users\miles\vcs\mcg-agent-orchestrator\.orchestrator-worktrees\6993fadb\src\Mcg.AgentOrchestrator.Core\Mcg.AgentOrchestrator.Core.csproj]
C:\Users\miles\vcs\mcg-agent-orchestrator\.orchestrator-worktrees\6993fadb\src\Mcg.AgentOrchestrator.Core\Application\AgentOrchestratorKernel.TaskBriefs.cs(319,42): warning CA1859: Change return type of method 'BuildTaskBriefInstructions' from 'System.Collections.Generic.IReadOnlyList<string>' to 'System.Collections.Generic.List<string>' for improved performance (https://learn.microsoft.com/dotnet/fundamentals/code-analysis/quality-rules/ca1859) [C:\Users\miles\vcs\mcg-agent-orchestrator\.orchestrator-worktrees\6993fadb\src\Mcg.AgentOrchestrator.Core\Mcg.AgentOrchestrator.Core.csproj]
  Mcg.AgentOrchestrator.Core -> C:\Users\miles\AppData\Local\Temp\mcg-dotnet-isolated\slots\slot-2\artifacts\bin\Mcg.AgentOrchestrator.Core\debug\Mcg.AgentOrchestrator.Core.dll
C:\Users\miles\vcs\mcg-agent-orchestrator\.orchestrator-worktrees\6993fadb\src\Mcg.AgentOrchestrator.App\Mcg.AgentOrchestrator.App.csproj : warning NU1903: Package 'SQLitePCLRaw.lib.e_sqlite3' 2.1.10 has a known high severity vulnerability, https://github.com/advisories/GHSA-2m69-gcr7-jv3q
  Mcg.AgentOrchestrator.Core -> C:\Users\miles\AppData\Local\Temp\mcg-dotnet-isolated\slots\slot-2\artifacts\bin\Mcg.AgentOrchestrator.Core\debug\Mcg.AgentOrchestrator.Core.dll
C:\Users\miles\vcs\mcg-agent-orchestrator\.orchestrator-worktrees\6993fadb\src\Mcg.AgentOrchestrator.Infrastructure\Mcg.AgentOrchestrator.Infrastructure.csproj : warning NU1903: Package 'SQLitePCLRaw.lib.e_sqlite3' 2.1.10 has a known high severity vulnerability, https://github.com/advisories/GHSA-2m69-gcr7-jv3q
C:\Users\miles\vcs\mcg-agent-orchestrator\.orchestrator-worktrees\6993fadb\src\Mcg.AgentOrchestrator.Infrastructure\OperatorComms\DiscordCollaborationViewService.cs(264,59): warning CA1859: Change return type of method 'BuildGoalButtons' from 'System.Collections.Generic.IReadOnlyList<Mcg.AgentOrchestrator.Infrastructure.DiscordButtonDefinition>' to 'System.Collections.Generic.List<Mcg.AgentOrchestrator.Infrastructure.DiscordButtonDefinition>' for improved performance (https://learn.microsoft.com/dotnet/fundamentals/code-analysis/quality-rules/ca1859) [C:\Users\miles\vcs\mcg-agent-orchestrator\.orchestrator-worktrees\6993fadb\src\Mcg.AgentOrchestrator.Infrastructure\Mcg.AgentOrchestrator.Infrastructure.csproj]
C:\Users\miles\vcs\mcg-agent-orchestrator\.orchestrator-worktrees\6993fadb\src\Mcg.AgentOrchestrator.Infrastructure\Workspaces\FirewallSetupCommand.cs(101,20): warning CA1416: This call site is reachable on all platforms. 'Type.GetTypeFromProgID(string)' is only supported on: 'windows'. (https://learn.microsoft.com/dotnet/fundamentals/code-analysis/quality-rules/ca1416) [C:\Users\miles\vcs\mcg-agent-orchestrator\.orchestrator-worktrees\6993fadb\src\Mcg.AgentOrchestrator.Infrastructure\Mcg.AgentOrchestrator.Infrastructure.csproj]
  Mcg.AgentOrchestrator.Infrastructure -> C:\Users\miles\AppData\Local\Temp\mcg-dotnet-isolated\slots\slot-2\artifacts\bin\Mcg.AgentOrchestrator.Infrastructure\debug\Mcg.AgentOrchestrator.Infrastructure.dll
C:\Users\miles\vcs\mcg-agent-orchestrator\.orchestrator-worktrees\6993fadb\src\Mcg.AgentOrchestrator.App\Program.cs(96,43): warning CA1859: Change type of variable 'stateRepository' from 'Mcg.AgentOrchestrator.Infrastructure.ITransactionalOrchestratorStateRepository' to 'Mcg.AgentOrchestrator.Infrastructure.SqliteOrchestratorStateRepository' for improved performance (https://learn.microsoft.com/dotnet/fundamentals/code-analysis/quality-rules/ca1859) [C:\Users\miles\vcs\mcg-agent-orchestrator\.orchestrator-worktrees\6993fadb\src\Mcg.AgentOrchestrator.App\Mcg.AgentOrchestrator.App.csproj]
C:\Users\miles\vcs\mcg-agent-orchestrator\.orchestrator-worktrees\6993fadb\src\Mcg.AgentOrchestrator.App\Orchestration\SpecRefinerPlanner.cs(197,55): warning CA1859: Change return type of method 'ReadDecisions' from 'System.Collections.Generic.IReadOnlyList<Mcg.AgentOrchestrator.Core.RefinedSpecDecision>' to 'System.Collections.Generic.List<Mcg.AgentOrchestrator.Core.RefinedSpecDecision>' for improved performance (https://learn.microsoft.com/dotnet/fundamentals/code-analysis/quality-rules/ca1859) [C:\Users\miles\vcs\mcg-agent-orchestrator\.orchestrator-worktrees\6993fadb\src\Mcg.AgentOrchestrator.App\Mcg.AgentOrchestrator.App.csproj]
C:\Users\miles\vcs\mcg-agent-orchestrator\.orchestrator-worktrees\6993fadb\src\Mcg.AgentOrchestrator.App\Orchestration\SpecRefinerPlanner.cs(213,54): warning CA1859: Change return type of method 'ReadForks' from 'System.Collections.Generic.IReadOnlyList<Mcg.AgentOrchestrator.App.Orchestration.SpecRefinementFork>' to 'System.Collections.Generic.List<Mcg.AgentOrchestrator.App.Orchestration.SpecRefinementFork>' for improved performance (https://learn.microsoft.com/dotnet/fundamentals/code-analysis/quality-rules/ca1859) [C:\Users\miles\vcs\mcg-agent-orchestrator\.orchestrator-worktrees\6993fadb\src\Mcg.AgentOrchestrator.App\Mcg.AgentOrchestrator.App.csproj]
C:\Users\miles\vcs\mcg-agent-orchestrator\.orchestrator-worktrees\6993fadb\src\Mcg.AgentOrchestrator.App\Orchestration\SpecRefinerPlanner.cs(183,42): warning CA1859: Change return type of method 'ReadStringArray' from 'System.Collections.Generic.IReadOnlyList<string>' to 'System.Collections.Generic.List<string>' for improved performance (https://learn.microsoft.com/dotnet/fundamentals/code-analysis/quality-rules/ca1859) [C:\Users\miles\vcs\mcg-agent-orchestrator\.orchestrator-worktrees\6993fadb\src\Mcg.AgentOrchestrator.App\Mcg.AgentOrchestrator.App.csproj]
C:\Users\miles\vcs\mcg-agent-orchestrator\.orchestrator-worktrees\6993fadb\src\Mcg.AgentOrchestrator.App\Orchestration\GoalDagDecompositionPlanner.cs(69,47): warning CA1859: Change return type of method 'ParseNodes' from 'System.Collections.Generic.IReadOnlyList<Mcg.AgentOrchestrator.App.Orchestration.GoalDagNode>' to 'System.Collections.Generic.List<Mcg.AgentOrchestrator.App.Orchestration.GoalDagNode>' for improved performance (https://learn.microsoft.com/dotnet/fundamentals/code-analysis/quality-rules/ca1859) [C:\Users\miles\vcs\mcg-agent-orchestrator\.orchestrator-worktrees\6993fadb\src\Mcg.AgentOrchestrator.App\Mcg.AgentOrchestrator.App.csproj]
C:\Users\miles\vcs\mcg-agent-orchestrator\.orchestrator-worktrees\6993fadb\src\Mcg.AgentOrchestrator.App\Orchestration\GoalDagDecompositionPlanner.cs(86,42): warning CA1859: Change return type of method 'Validate' from 'System.Collections.Generic.IReadOnlyList<string>' to 'System.Collections.Generic.List<string>' for improved performance (https://learn.microsoft.com/dotnet/fundamentals/code-analysis/quality-rules/ca1859) [C:\Users\miles\vcs\mcg-agent-orchestrator\.orchestrator-worktrees\6993fadb\src\Mcg.AgentOrchestrator.App\Mcg.AgentOrchestrator.App.csproj]
C:\Users\miles\vcs\mcg-agent-orchestrator\.orchestrator-worktrees\6993fadb\src\Mcg.AgentOrchestrator.App\Orchestration\SemanticAcceptancePlanner.cs(177,42): warning CA1859: Change return type of method 'ReadStringArray' from 'System.Collections.Generic.IReadOnlyList<string>' to 'System.Collections.Generic.List<string>' for improved performance (https://learn.microsoft.com/dotnet/fundamentals/code-analysis/quality-rules/ca1859) [C:\Users\miles\vcs\mcg-agent-orchestrator\.orchestrator-worktrees\6993fadb\src\Mcg.AgentOrchestrator.App\Mcg.AgentOrchestrator.App.csproj]
C:\Users\miles\vcs\mcg-agent-orchestrator\.orchestrator-worktrees\6993fadb\src\Mcg.AgentOrchestrator.App\Orchestration\IdeationProposalPlanner.cs(153,48): warning CA1859: Change return type of method 'ParseIdeas' from 'System.Collections.Generic.IReadOnlyList<Mcg.AgentOrchestrator.App.Orchestration.IdeaProposal>' to 'System.Collections.Generic.List<Mcg.AgentOrchestrator.App.Orchestration.IdeaProposal>' for improved performance (https://learn.microsoft.com/dotnet/fundamentals/code-analysis/quality-rules/ca1859) [C:\Users\miles\vcs\mcg-agent-orchestrator\.orchestrator-worktrees\6993fadb\src\Mcg.AgentOrchestrator.App\Mcg.AgentOrchestrator.App.csproj]
C:\Users\miles\vcs\mcg-agent-orchestrator\.orchestrator-worktrees\6993fadb\src\Mcg.AgentOrchestrator.App\Orchestration\IdeationProposalPlanner.cs(170,42): warning CA1859: Change return type of method 'Validate' from 'System.Collections.Generic.IReadOnlyList<string>' to 'System.Collections.Generic.List<string>' for improved performance (https://learn.microsoft.com/dotnet/fundamentals/code-analysis/quality-rules/ca1859) [C:\Users\miles\vcs\mcg-agent-orchestrator\.orchestrator-worktrees\6993fadb\src\Mcg.AgentOrchestrator.App\Mcg.AgentOrchestrator.App.csproj]
C:\Users\miles\vcs\mcg-agent-orchestrator\.orchestrator-worktrees\6993fadb\src\Mcg.AgentOrchestrator.App\Cli\CliCommandHandlers.System.cs(443,40): warning CA1859: Change type of variable 'operatorUserIds' from 'System.Collections.Generic.IReadOnlyList<string>?' to 'System.Collections.Generic.List<string>?' for improved performance (https://learn.microsoft.com/dotnet/fundamentals/code-analysis/quality-rules/ca1859) [C:\Users\miles\vcs\mcg-agent-orchestrator\.orchestrator-worktrees\6993fadb\src\Mcg.AgentOrchestrator.App\Mcg.AgentOrchestrator.App.csproj]
C:\Users\miles\vcs\mcg-agent-orchestrator\.orchestrator-worktrees\6993fadb\src\Mcg.AgentOrchestrator.App\Cli\CliCommandHandlers.Goals.cs(1571,38): warning CA1859: Change return type of method 'GetFlagValues' from 'System.Collections.Generic.IReadOnlyList<string>' to 'System.Collections.Generic.List<string>' for improved performance (https://learn.microsoft.com/dotnet/fundamentals/code-analysis/quality-rules/ca1859) [C:\Users\miles\vcs\mcg-agent-orchestrator\.orchestrator-worktrees\6993fadb\src\Mcg.AgentOrchestrator.App\Mcg.AgentOrchestrator.App.csproj]
  Mcg.AgentOrchestrator.App -> C:\Users\miles\AppData\Local\Temp\mcg-dotnet-isolated\slots\slot-2\artifacts\bin\Mcg.AgentOrchestrator.App\debug\Mcg.AgentOrchestrator.App.dll
C:\Users\miles\vcs\mcg-agent-orchestrator\.orchestrator-worktrees\6993fadb\src\Mcg.AgentOrchestrator.Infrastructure\Mcg.AgentOrchestrator.Infrastructure.csproj : warning NU1903: Package 'SQLitePCLRaw.lib.e_sqlite3' 2.1.10 has a known high severity vulnerability, https://github.com/advisories/GHSA-2m69-gcr7-jv3q
  Mcg.AgentOrchestrator.Infrastructure -> C:\Users\miles\AppData\Local\Temp\mcg-dotnet-isolated\slots\slot-2\artifacts\bin\Mcg.AgentOrchestrator.Infrastructure\debug\Mcg.AgentOrchestrator.Infrastructure.dll
C:\Users\miles\vcs\mcg-agent-orchestrator\.orchestrator-worktrees\6993fadb\tests\Mcg.AgentOrchestrator.Infrastructure.Tests\ConductorBatchLoopTests.cs(241,25): warning CS8600: Converting null literal or possible null value to non-nullable type. [C:\Users\miles\vcs\mcg-agent-orchestrator\.orchestrator-worktrees\6993fadb\tests\Mcg.AgentOrchestrator.Infrastructure.Tests\Mcg.AgentOrchestrator.Infrastructure.Tests.csproj]
C:\Users\miles\vcs\mcg-agent-orchestrator\.orchestrator-worktrees\6993fadb\tests\Mcg.AgentOrchestrator.Infrastructure.Tests\ConductorBatchLoopTests.cs(242,25): warning CS8600: Converting null literal or possible null value to non-nullable type. [C:\Users\miles\vcs\mcg-agent-orchestrator\.orchestrator-worktrees\6993fadb\tests\Mcg.AgentOrchestrator.Infrastructure.Tests\Mcg.AgentOrchestrator.Infrastructure.Tests.csproj]
C:\Users\miles\vcs\mcg-agent-orchestrator\.orchestrator-worktrees\6993fadb\tests\Mcg.AgentOrchestrator.Infrastructure.Tests\ConductorBatchLoopTests.cs(278,37): warning CS8604: Possible null reference argument for parameter 'goalId' in 'TaskSpec AgentOrchestratorKernel.GetTask(GoalId goalId, TaskId taskId)'. [C:\Users\miles\vcs\mcg-agent-orchestrator\.orchestrator-worktrees\6993fadb\tests\Mcg.AgentOrchestrator.Infrastructure.Tests\Mcg.AgentOrchestrator.Infrastructure.Tests.csproj]
C:\Users\miles\vcs\mcg-agent-orchestrator\.orchestrator-worktrees\6993fadb\tests\Mcg.AgentOrchestrator.Infrastructure.Tests\ConductorBatchLoopTests.cs(278,45): warning CS8604: Possible null reference argument for parameter 'taskId' in 'TaskSpec AgentOrchestratorKernel.GetTask(GoalId goalId, TaskId taskId)'. [C:\Users\miles\vcs\mcg-agent-orchestrator\.orchestrator-worktrees\6993fadb\tests\Mcg.AgentOrchestrator.Infrastructure.Tests\Mcg.AgentOrchestrator.Infrastructure.Tests.csproj]
C:\Users\miles\vcs\mcg-agent-orchestrator\.orchestrator-worktrees\6993fadb\tests\Mcg.AgentOrchestrator.Infrastructure.Tests\GoalAcceptanceVerifierTests.cs(509,21): warning CS8604: Possible null reference argument for parameter 'source' in 'bool Enumerable.All<AcceptanceCheckResult>(IEnumerable<AcceptanceCheckResult> source, Func<AcceptanceCheckResult, bool> predicate)'. [C:\Users\miles\vcs\mcg-agent-orchestrator\.orchestrator-worktrees\6993fadb\tests\Mcg.AgentOrchestrator.Infrastructure.Tests\Mcg.AgentOrchestrator.Infrastructure.Tests.csproj]
C:\Users\miles\vcs\mcg-agent-orchestrator\.orchestrator-worktrees\6993fadb\tests\Mcg.AgentOrchestrator.Infrastructure.Tests\GoalAcceptanceVerifierTests.cs(543,22): warning CS8604: Possible null reference argument for parameter 'source' in 'bool Enumerable.Any<AcceptanceCheckResult>(IEnumerable<AcceptanceCheckResult> source, Func<AcceptanceCheckResult, bool> predicate)'. [C:\Users\miles\vcs\mcg-agent-orchestrator\.orchestrator-worktrees\6993fadb\tests\Mcg.AgentOrchestrator.Infrastructure.Tests\Mcg.AgentOrchestrator.Infrastructure.Tests.csproj]
C:\Users\miles\vcs\mcg-agent-orchestrator\.orchestrator-worktrees\6993fadb\tests\Mcg.AgentOrchestrator.Infrastructure.Tests\ConductorBatchLoopTests.cs(737,21): warning CS8604: Possible null reference argument for parameter 'source' in 'bool Enumerable.Any<string>(IEnumerable<string> source, Func<string, bool> predicate)'. [C:\Users\miles\vcs\mcg-agent-orchestrator\.orchestrator-worktrees\6993fadb\tests\Mcg.AgentOrchestrator.Infrastructure.Tests\Mcg.AgentOrchestrator.Infrastructure.Tests.csproj]
C:\Users\miles\vcs\mcg-agent-orchestrator\.orchestrator-worktrees\6993fadb\tests\Mcg.AgentOrchestrator.Infrastructure.Tests\GoalWorktreeTests.cs(1584,77): error CS1503: Argument 2: cannot convert from 'string' to 'System.Func<string, bool>' [C:\Users\miles\vcs\mcg-agent-orchestrator\.orchestrator-worktrees\6993fadb\tests\Mcg.AgentOrchestrator.Infrastructure.Tests\Mcg.AgentOrchestrator.Infrastructure.Tests.csproj]
C:\Users\miles\vcs\mcg-agent-orchestrator\.orchestrator-worktrees\6993fadb\tests\Mcg.AgentOrchestrator.Infrastructure.Tests\GoalWorktreeTests.cs(1631,80): error CS1503: Argument 2: cannot convert from 'string' to 'System.Func<string, bool>' [C:\Users\miles\vcs\mcg-agent-orchestrator\.orchestrator-worktrees\6993fadb\tests\Mcg.AgentOrchestrator.Infrastructure.Tests\Mcg.AgentOrchestrator.Infrastructure.Tests.csproj]
C:\Users\miles\vcs\mcg-agent-orchestrator\.orchestrator-worktrees\6993fadb\tests\Mcg.AgentOrchestrator.Infrastructure.Tests\ChaosGateTests.cs(17,17): warning CA1707: Remove the underscores from member name ChaosGateTests.Gate1_WorkerExitsZeroWithNoFileChange_IsRejected() (https://learn.microsoft.com/dotnet/fundamentals/code-analysis/quality-rules/ca1707) [C:\Users\miles\vcs\mcg-agent-orchestrator\.orchestrator-worktrees\6993fadb\tests\Mcg.AgentOrchestrator.Infrastructure.Tests\Mcg.AgentOrchestrator.Infrastructure.Tests.csproj]
C:\Users\miles\vcs\mcg-agent-orchestrator\.orchestrator-worktrees\6993fadb\tests\Mcg.AgentOrchestrator.Infrastructure.Tests\DispatchProcessHostTests.cs(34,17): warning CA1869: Avoid creating a new 'JsonSerializerOptions' instance for every serialization operation. Cache and reuse instances instead. (https://learn.microsoft.com/dotnet/fundamentals/code-analysis/quality-rules/ca1869) [C:\Users\miles\vcs\mcg-agent-orchestrator\.orchestrator-worktrees\6993fadb\tests\Mcg.AgentOrchestrator.Infrastructure.Tests\Mcg.AgentOrchestrator.Infrastructure.Tests.csproj]
C:\Users\miles\vcs\mcg-agent-orchestrator\.orchestrator-worktrees\6993fadb\tests\Mcg.AgentOrchestrator.Infrastructure.Tests\ChaosGateTests.cs(38,46): warning CA1707: Remove the underscores from member name ChaosGateTests.Gate2_WriteToForbiddenPath_BlocksAcceptance() (https://learn.microsoft.com/dotnet/fundamentals/code-analysis/quality-rules/ca1707) [C:\Users\miles\vcs\mcg-agent-orchestrator\.orchestrator-worktrees\6993fadb\tests\Mcg.AgentOrchestrator.Infrastructure.Tests\Mcg.AgentOrchestrator.Infrastructure.Tests.csproj]
C:\Users\miles\vcs\mcg-agent-orchestrator\.orchestrator-worktrees\6993fadb\tests\Mcg.AgentOrchestrator.Infrastructure.Tests\ChaosGateTests.cs(66,46): warning CA1707: Remove the underscores from member name ChaosGateTests.Gate2_WeakenedEmptyGlobs_AllowForbiddenWrite() (https://learn.microsoft.com/dotnet/fundamentals/code-analysis/quality-rules/ca1707) [C:\Users\miles\vcs\mcg-agent-orchestrator\.orchestrator-worktrees\6993fadb\tests\Mcg.AgentOrchestrator.Infrastructure.Tests\Mcg.AgentOrchestrator.Infrastructure.Tests.csproj]
C:\Users\miles\vcs\mcg-agent-orchestrator\.orchestrator-worktrees\6993fadb\tests\Mcg.AgentOrchestrator.Infrastructure.Tests\GoalDagPlanTests.cs(11,17): warning CA1707: Remove the underscores from member name GoalDagPlanTests.GoalDagPlan_Parse_ValidFencedJson_ReturnsNodes() (https://learn.microsoft.com/dotnet/fundamentals/code-analysis/quality-rules/ca1707) [C:\Users\miles\vcs\mcg-agent-orchestrator\.orchestrator-worktrees\6993fadb\tests\Mcg.AgentOrchestrator.Infrastructure.Tests\Mcg.AgentOrchestrator.Infrastructure.Tests.csproj]
C:\Users\miles\vcs\mcg-agent-orchestrator\.orchestrator-worktrees\6993fadb\tests\Mcg.AgentOrchestrator.Infrastructure.Tests\GoalDagPlanTests.cs(30,17): warning CA1707: Remove the underscores from member name GoalDagPlanTests.GoalDagPlan_Parse_NoFencedJson_ReturnsError() (https://learn.microsoft.com/dotnet/fundamentals/code-analysis/quality-rules/ca1707) [C:\Users\miles\vcs\mcg-agent-orchestrator\.orchestrator-worktrees\6993fadb\tests\Mcg.AgentOrchestrator.Infrastructure.Tests\Mcg.AgentOrchestrator.Infrastructure.Tests.csproj]
C:\Users\miles\vcs\mcg-agent-orchestrator\.orchestrator-worktrees\6993fadb\tests\Mcg.AgentOrchestrator.Infrastructure.Tests\GoalDagPlanTests.cs(41,17): warning CA1707: Remove the underscores from member name GoalDagPlanTests.GoalDagPlan_Parse_SelfDependency_ReturnsError() (https://learn.microsoft.com/dotnet/fundamentals/code-analysis/quality-rules/ca1707) [C:\Users\miles\vcs\mcg-agent-orchestrator\.orchestrator-worktrees\6993fadb\tests\Mcg.AgentOrchestrator.Infrastructure.Tests\Mcg.AgentOrchestrator.Infrastructure.Tests.csproj]
C:\Users\miles\vcs\mcg-agent-orchestrator\.orchestrator-worktrees\6993fadb\tests\Mcg.AgentOrchestrator.Infrastructure.Tests\ChaosGateTests.cs(89,17): warning CA1707: Remove the underscores from member name ChaosGateTests.Gate3a_MissingWorkerResultBlock_PassesAdvisoryWhenGitEvidencePresent() (https://learn.microsoft.com/dotnet/fundamentals/code-analysis/quality-rules/ca1707) [C:\Users\miles\vcs\mcg-agent-orchestrator\.orchestrator-worktrees\6993fadb\tests\Mcg.AgentOrchestrator.Infrastructure.Tests\Mcg.AgentOrchestrator.Infrastructure.Tests.csproj]
C:\Users\miles\vcs\mcg-agent-orchestrator\.orchestrator-worktrees\6993fadb\tests\Mcg.AgentOrchestrator.Infrastructure.Tests\GoalDagPlanTests.cs(58,17): warning CA1707: Remove the underscores from member name GoalDagPlanTests.GoalDagPlan_Parse_Cycle_ReturnsError() (https://learn.microsoft.com/dotnet/fundamentals/code-analysis/quality-rules/ca1707) [C:\Users\miles\vcs\mcg-agent-orchestrator\.orchestrator-worktrees\6993fadb\tests\Mcg.AgentOrchestrator.Infrastructure.Tests\Mcg.AgentOrchestrator.Infrastructure.Tests.csproj]
C:\Users\miles\vcs\mcg-agent-orchestrator\.orchestrator-worktrees\6993fadb\tests\Mcg.AgentOrchestrator.Infrastructure.Tests\ChaosGateTests.cs(111,17): warning CA1707: Remove the underscores from member name ChaosGateTests.Gate3b_MalformedWorkerResultMissingField_PassesAdvisory() (https://learn.microsoft.com/dotnet/fundamentals/code-analysis/quality-rules/ca1707) [C:\Users\miles\vcs\mcg-agent-orchestrator\.orchestrator-worktrees\6993fadb\tests\Mcg.AgentOrchestrator.Infrastructure.Tests\Mcg.AgentOrchestrator.Infrastructure.Tests.csproj]
C:\Users\miles\vcs\mcg-agent-orchestrator\.orchestrator-worktrees\6993fadb\tests\Mcg.AgentOrchestrator.Infrastructure.Tests\GoalDependencyTests.cs(32,17): warning CA1707: Remove the underscores from member name GoalDependencyTests.GoalDependency_SelfDependency_Rejected() (https://learn.microsoft.com/dotnet/fundamentals/code-analysis/quality-rules/ca1707) [C:\Users\miles\vcs\mcg-agent-orchestrator\.orchestrator-worktrees\6993fadb\tests\Mcg.AgentOrchestrator.Infrastructure.Tests\Mcg.AgentOrchestrator.Infrastructure.Tests.csproj]
C:\Users\miles\vcs\mcg-agent-orchestrator\.orchestrator-worktrees\6993fadb\tests\Mcg.AgentOrchestrator.Infrastructure.Tests\GoalDagPlanTests.cs(74,17): warning CA1707: Remove the underscores from member name GoalDagPlanTests.GoalDagPlan_Parse_UnresolvedReference_ReturnsError() (https://learn.microsoft.com/dotnet/fundamentals/code-analysis/quality-rules/ca1707) [C:\Users\miles\vcs\mcg-agent-orchestrator\.orchestrator-worktrees\6993fadb\tests\Mcg.AgentOrchestrator.Infrastructure.Tests\Mcg.AgentOrchestrator.Infrastructure.Tests.csproj]
C:\Users\miles\vcs\mcg-agent-orchestrator\.orchestrator-worktrees\6993fadb\tests\Mcg.AgentOrchestrator.Infrastructure.Tests\GoalDependencyTests.cs(44,17): warning CA1707: Remove the underscores from member name GoalDependencyTests.GoalDependency_DirectCycle_Rejected() (https://learn.microsoft.com/dotnet/fundamentals/code-analysis/quality-rules/ca1707) [C:\Users\miles\vcs\mcg-agent-orchestrator\.orchestrator-worktrees\6993fadb\tests\Mcg.AgentOrchestrator.Infrastructure.Tests\Mcg.AgentOrchestrator.Infrastructure.Tests.csproj]
C:\Users\miles\vcs\mcg-agent-orchestrator\.orchestrator-worktrees\6993fadb\tests\Mcg.AgentOrchestrator.Infrastructure.Tests\GoalDagPlanTests.cs(90,17): warning CA1707: Remove the underscores from member name GoalDagPlanTests.Cli_Plan_Preview_ShowsNodesWithoutCreatingGoals() (https://learn.microsoft.com/dotnet/fundamentals/code-analysis/quality-rules/ca1707) [C:\Users\miles\vcs\mcg-agent-orchestrator\.orchestrator-worktrees\6993fadb\tests\Mcg.AgentOrchestrator.Infrastructure.Tests\Mcg.AgentOrchestrator.Infrastructure.Tests.csproj]
C:\Users\miles\vcs\mcg-agent-orchestrator\.orchestrator-worktrees\6993fadb\tests\Mcg.AgentOrchestrator.Infrastructure.Tests\GoalDependencyTests.cs(59,17): warning CA1707: Remove the underscores from member name GoalDependencyTests.GoalDependency_TransitiveCycle_Rejected() (https://learn.microsoft.com/dotnet/fundamentals/code-analysis/quality-rules/ca1707) [C:\Users\miles\vcs\mcg-agent-orchestrator\.orchestrator-worktrees\6993fadb\tests\Mcg.AgentOrchestrator.Infrastructure.Tests\Mcg.AgentOrchestrator.Infrastructure.Tests.csproj]
C:\Users\miles\vcs\mcg-agent-orchestrator\.orchestrator-worktrees\6993fadb\tests\Mcg.AgentOrchestrator.Infrastructure.Tests\ChaosGateTests.cs(141,17): warning CA1707: Remove the underscores from member name ChaosGateTests.Gate4_DirtyWorktreeAtCompletion_IsRejected() (https://learn.microsoft.com/dotnet/fundamentals/code-analysis/quality-rules/ca1707) [C:\Users\miles\vcs\mcg-agent-orchestrator\.orchestrator-worktrees\6993fadb\tests\Mcg.AgentOrchestrator.Infrastructure.Tests\Mcg.AgentOrchestrator.Infrastructure.Tests.csproj]
C:\Users\miles\vcs\mcg-agent-orchestrator\.orchestrator-worktrees\6993fadb\tests\Mcg.AgentOrchestrator.Infrastructure.Tests\GoalDependencyTests.cs(77,17): warning CA1707: Remove the underscores from member name GoalDependencyTests.GoalDependency_SnapshotRoundTrip() (https://learn.microsoft.com/dotnet/fundamentals/code-analysis/quality-rules/ca1707) [C:\Users\miles\vcs\mcg-agent-orchestrator\.orchestrator-worktrees\6993fadb\tests\Mcg.AgentOrchestrator.Infrastructure.Tests\Mcg.AgentOrchestrator.Infrastructure.Tests.csproj]
C:\Users\miles\vcs\mcg-agent-orchestrator\.orchestrator-worktrees\6993fadb\tests\Mcg.AgentOrchestrator.Infrastructure.Tests\ChaosGateTests.cs(162,17): warning CA1707: Remove the underscores from member name ChaosGateTests.Gate5_NoiseOnlyQwenSettingsCommit_IsRejected() (https://learn.microsoft.com/dotnet/fundamentals/code-analysis/quality-rules/ca1707) [C:\Users\miles\vcs\mcg-agent-orchestrator\.orchestrator-worktrees\6993fadb\tests\Mcg.AgentOrchestrator.Infrastructure.Tests\Mcg.AgentOrchestrator.Infrastructure.Tests.csproj]
C:\Users\miles\vcs\mcg-agent-orchestrator\.orchestrator-worktrees\6993fadb\tests\Mcg.AgentOrchestrator.Infrastructure.Tests\GoalDagPlanTests.cs(113,17): warning CA1707: Remove the underscores from member name GoalDagPlanTests.Cli_Plan_ConfirmPlan_TwoNodeChain_CreatesGoalsWithDependency() (https://learn.microsoft.com/dotnet/fundamentals/code-analysis/quality-rules/ca1707) [C:\Users\miles\vcs\mcg-agent-orchestrator\.orchestrator-worktrees\6993fadb\tests\Mcg.AgentOrchestrator.Infrastructure.Tests\Mcg.AgentOrchestrator.Infrastructure.Tests.csproj]
C:\Users\miles\vcs\mcg-agent-orchestrator\.orchestrator-worktrees\6993fadb\tests\Mcg.AgentOrchestrator.Infrastructure.Tests\ChaosGateTests.cs(190,17): warning CA1707: Remove the underscores from member name ChaosGateTests.Gate6_TestsNotRunAtDispatch_PassesAdvisory_AcceptanceEnforcesTests() (https://learn.microsoft.com/dotnet/fundamentals/code-analysis/quality-rules/ca1707) [C:\Users\miles\vcs\mcg-agent-orchestrator\.orchestrator-worktrees\6993fadb\tests\Mcg.AgentOrchestrator.Infrastructure.Tests\Mcg.AgentOrchestrator.Infrastructure.Tests.csproj]
C:\Users\miles\vcs\mcg-agent-orchestrator\.orchestrator-worktrees\6993fadb\tests\Mcg.AgentOrchestrator.Infrastructure.Tests\GoalDependencyTests.cs(96,17): warning CA1707: Remove the underscores from member name GoalDependencyTests.GoalDependency_IndependentGoals_AdvanceConcurrently() (https://learn.microsoft.com/dotnet/fundamentals/code-analysis/quality-rules/ca1707) [C:\Users\miles\vcs\mcg-agent-orchestrator\.orchestrator-worktrees\6993fadb\tests\Mcg.AgentOrchestrator.Infrastructure.Tests\Mcg.AgentOrchestrator.Infrastructure.Tests.csproj]
C:\Users\miles\vcs\mcg-agent-orchestrator\.orchestrator-worktrees\6993fadb\tests\Mcg.AgentOrchestrator.Infrastructure.Tests\ConductorBatchLoopTests.cs(84,17): warning CA1707: Remove the underscores from member name ConductorBatchLoopTests.BatchLoop_GoalAdvancesThenStopsWhenHeld() (https://learn.microsoft.com/dotnet/fundamentals/code-analysis/quality-rules/ca1707) [C:\Users\miles\vcs\mcg-agent-orchestrator\.orchestrator-worktrees\6993fadb\tests\Mcg.AgentOrchestrator.Infrastructure.Tests\Mcg.AgentOrchestrator.Infrastructure.Tests.csproj]
C:\Users\miles\vcs\mcg-agent-orchestrator\.orchestrator-worktrees\6993fadb\tests\Mcg.AgentOrchestrator.Infrastructure.Tests\GoalDagPlanTests.cs(138,17): warning CA1707: Remove the underscores from member name GoalDagPlanTests.Cli_Plan_ConfirmPlan_CyclePlan_ThrowsInvalidOperation() (https://learn.microsoft.com/dotnet/fundamentals/code-analysis/quality-rules/ca1707) [C:\Users\miles\vcs\mcg-agent-orchestrator\.orchestrator-worktrees\6993fadb\tests\Mcg.AgentOrchestrator.Infrastructure.Tests\Mcg.AgentOrchestrator.Infrastructure.Tests.csproj]
C:\Users\miles\vcs\mcg-agent-orchestrator\.orchestrator-worktrees\6993fadb\tests\Mcg.AgentOrchestrator.Infrastructure.Tests\GoalDagPlanTests.cs(166,17): warning CA1707: Remove the underscores from member name GoalDagPlanTests.BestOfN_AllValid_PicksFewestNodes() (https://learn.microsoft.com/dotnet/fundamentals/code-analysis/quality-rules/ca1707) [C:\Users\miles\vcs\mcg-agent-orchestrator\.orchestrator-worktrees\6993fadb\tests\Mcg.AgentOrchestrator.Infrastructure.Tests\Mcg.AgentOrchestrator.Infrastructure.Tests.csproj]
C:\Users\miles\vcs\mcg-agent-orchestrator\.orchestrator-worktrees\6993fadb\tests\Mcg.AgentOrchestrator.Infrastructure.Tests\ChaosGateTests.cs(213,17): warning CA1707: Remove the underscores from member name ChaosGateTests.Gate7a_MissingLocalSkill_BlocksSubscriptionPreflight() (https://learn.microsoft.com/dotnet/fundamentals/code-analysis/quality-rules/ca1707) [C:\Users\miles\vcs\mcg-agent-orchestrator\.orchestrator-worktrees\6993fadb\tests\Mcg.AgentOrchestrator.Infrastructure.Tests\Mcg.AgentOrchestrator.Infrastructure.Tests.csproj]
C:\Users\miles\vcs\mcg-agent-orchestrator\.orchestrator-worktrees\6993fadb\tests\Mcg.AgentOrchestrator.Infrastructure.Tests\GoalDagPlanTests.cs(186,17): warning CA1707: Remove the underscores from member name GoalDagPlanTests.BestOfN_FirstInvalidSecondValid_PicksValid() (https://learn.microsoft.com/dotnet/fundamentals/code-analysis/quality-rules/ca1707) [C:\Users\miles\vcs\mcg-agent-orchestrator\.orchestrator-worktrees\6993fadb\tests\Mcg.AgentOrchestrator.Infrastructure.Tests\Mcg.AgentOrchestrator.Infrastructure.Tests.csproj]
C:\Users\miles\vcs\mcg-agent-orchestrator\.orchestrator-worktrees\6993fadb\tests\Mcg.AgentOrchestrator.Infrastructure.Tests\ConductorBatchLoopTests.cs(112,17): warning CA1707: Remove the underscores from member name ConductorBatchLoopTests.BatchLoop_PicksUpGoalIngestedMidRunViaSweep() (https://learn.microsoft.com/dotnet/fundamentals/code-analysis/quality-rules/ca1707) [C:\Users\miles\vcs\mcg-agent-orchestrator\.orchestrator-worktrees\6993fadb\tests\Mcg.AgentOrchestrator.Infrastructure.Tests\Mcg.AgentOrchestrator.Infrastructure.Tests.csproj]
C:\Users\miles\vcs\mcg-agent-orchestrator\.orchestrator-worktrees\6993fadb\tests\Mcg.AgentOrchestrator.Infrastructure.Tests\GoalDagPlanTests.cs(202,17): warning CA1707: Remove the underscores from member name GoalDagPlanTests.BestOfN_NoneValid_ReturnsFirstErrors() (https://learn.microsoft.com/dotnet/fundamentals/code-analysis/quality-rules/ca1707) [C:\Users\miles\vcs\mcg-agent-orchestrator\.orchestrator-worktrees\6993fadb\tests\Mcg.AgentOrchestrator.Infrastructure.Tests\Mcg.AgentOrchestrator.Infrastructure.Tests.csproj]
C:\Users\miles\vcs\mcg-agent-orchestrator\.orchestrator-worktrees\6993fadb\tests\Mcg.AgentOrchestrator.Infrastructure.Tests\ChaosGateTests.cs(235,17): warning CA1707: Remove the underscores from member name ChaosGateTests.Gate7b_DirtyWorktreeBeforeDispatch_BlocksSubscriptionPreflight() (https://learn.microsoft.com/dotnet/fundamentals/code-analysis/quality-rules/ca1707) [C:\Users\miles\vcs\mcg-agent-orchestrator\.orchestrator-worktrees\6993fadb\tests\Mcg.AgentOrchestrator.Infrastructure.Tests\Mcg.AgentOrchestrator.Infrastructure.Tests.csproj]
C:\Users\miles\vcs\mcg-agent-orchestrator\.orchestrator-worktrees\6993fadb\tests\Mcg.AgentOrchestrator.Infrastructure.Tests\GoalDependencyTests.cs(142,17): warning CA1707: Remove the underscores from member name GoalDependencyTests.GoalDependency_Chain_BHeldUntilADone() (https://learn.microsoft.com/dotnet/fundamentals/code-analysis/quality-rules/ca1707) [C:\Users\miles\vcs\mcg-agent-orchestrator\.orchestrator-worktrees\6993fadb\tests\Mcg.AgentOrchestrator.Infrastructure.Tests\Mcg.AgentOrchestrator.Infrastructure.Tests.csproj]
C:\Users\miles\vcs\mcg-agent-orchestrator\.orchestrator-worktrees\6993fadb\tests\Mcg.AgentOrchestrator.Infrastructure.Tests\ConductorBatchLoopTests.cs(149,17): warning CA1707: Remove the underscores from member name ConductorBatchLoopTests.BatchLoop_KeepAliveStaysRunningAndDrivesLaterGoal() (https://learn.microsoft.com/dotnet/fundamentals/code-analysis/quality-rules/ca1707) [C:\Users\miles\vcs\mcg-agent-orchestrator\.orchestrator-worktrees\6993fadb\tests\Mcg.AgentOrchestrator.Infrastructure.Tests\Mcg.AgentOrchestrator.Infrastructure.Tests.csproj]
C:\Users\miles\vcs\mcg-agent-orchestrator\.orchestrator-worktrees\6993fadb\tests\Mcg.AgentOrchestrator.Infrastructure.Tests\ChaosGateTests.cs(256,17): warning CA1707: Remove the underscores from member name ChaosGateTests.Leniency_HeadAdvancedPostCommit_PassesWhenReportedCommitIsAncestor() (https://learn.microsoft.com/dotnet/fundamentals/code-analysis/quality-rules/ca1707) [C:\Users\miles\vcs\mcg-agent-orchestrator\.orchestrator-worktrees\6993fadb\tests\Mcg.AgentOrchestrator.Infrastructure.Tests\Mcg.AgentOrchestrator.Infrastructure.Tests.csproj]
C:\Users\miles\vcs\mcg-agent-orchestrator\.orchestrator-worktrees\6993fadb\tests\Mcg.AgentOrchestrator.Infrastructure.Tests\IdeationPlanTests.cs(11,17): warning CA1707: Remove the underscores from member name IdeationPlanTests.IdeationPlan_Parse_ValidFencedJson_ReturnsIdeas() (https://learn.microsoft.com/dotnet/fundamentals/code-analysis/quality-rules/ca1707) [C:\Users\miles\vcs\mcg-agent-orchestrator\.orchestrator-worktrees\6993fadb\tests\Mcg.AgentOrchestrator.Infrastructure.Tests\Mcg.AgentOrchestrator.Infrastructure.Tests.csproj]
C:\Users\miles\vcs\mcg-agent-orchestrator\.orchestrator-worktrees\6993fadb\tests\Mcg.AgentOrchestrator.Infrastructure.Tests\GoalDependencyTests.cs(210,17): warning CA1707: Remove the underscores from member name GoalDependencyTests.GoalDependency_EscalatedPredecessor_DependentNeverRuns() (https://learn.microsoft.com/dotnet/fundamentals/code-analysis/quality-rules/ca1707) [C:\Users\miles\vcs\mcg-agent-orchestrator\.orchestrator-worktrees\6993fadb\tests\Mcg.AgentOrchestrator.Infrastructure.Tests\Mcg.AgentOrchestrator.Infrastructure.Tests.csproj]
C:\Users\miles\vcs\mcg-agent-orchestrator\.orchestrator-worktrees\6993fadb\tests\Mcg.AgentOrchestrator.Infrastructure.Tests\IdeationPlanTests.cs(29,17): warning CA1707: Remove the underscores from member name IdeationPlanTests.IdeationPlan_Parse_MultipleIdeas_ReturnsAllInOrder() (https://learn.microsoft.com/dotnet/fundamentals/code-analysis/quality-rules/ca1707) [C:\Users\miles\vcs\mcg-agent-orchestrator\.orchestrator-worktrees\6993fadb\tests\Mcg.AgentOrchestrator.Infrastructure.Tests\Mcg.AgentOrchestrator.Infrastructure.Tests.csproj]
C:\Users\miles\vcs\mcg-agent-orchestrator\.orchestrator-worktrees\6993fadb\tests\Mcg.AgentOrchestrator.Infrastructure.Tests\ChaosGateTests.cs(299,17): warning CA1707: Remove the underscores from member name ChaosGateTests.Leniency_FabricatedCommitSha_PassesAdvisoryWhenRealCommitPresent() (https://learn.microsoft.com/dotnet/fundamentals/code-analysis/quality-rules/ca1707) [C:\Users\miles\vcs\mcg-agent-orchestrator\.orchestrator-worktrees\6993fadb\tests\Mcg.AgentOrchestrator.Infrastructure.Tests\Mcg.AgentOrchestrator.Infrastructure.Tests.csproj]
C:\Users\miles\vcs\mcg-agent-orchestrator\.orchestrator-worktrees\6993fadb\tests\Mcg.AgentOrchestrator.Infrastructure.Tests\IdeationPlanTests.cs(50,17): warning CA1707: Remove the underscores from member name IdeationPlanTests.IdeationPlan_Parse_NoFencedJson_ReturnsError() (https://learn.microsoft.com/dotnet/fundamentals/code-analysis/quality-rules/ca1707) [C:\Users\miles\vcs\mcg-agent-orchestrator\.orchestrator-worktrees\6993fadb\tests\Mcg.AgentOrchestrator.Infrastructure.Tests\Mcg.AgentOrchestrator.Infrastructure.Tests.csproj]
C:\Users\miles\vcs\mcg-agent-orchestrator\.orchestrator-worktrees\6993fadb\tests\Mcg.AgentOrchestrator.Infrastructure.Tests\IdeationPlanTests.cs(61,17): warning CA1707: Remove the underscores from member name IdeationPlanTests.IdeationPlan_Parse_HandWavyRationale_ReturnsError() (https://learn.microsoft.com/dotnet/fundamentals/code-analysis/quality-rules/ca1707) [C:\Users\miles\vcs\mcg-agent-orchestrator\.orchestrator-worktrees\6993fadb\tests\Mcg.AgentOrchestrator.Infrastructure.Tests\Mcg.AgentOrchestrator.Infrastructure.Tests.csproj]
C:\Users\miles\vcs\mcg-agent-orchestrator\.orchestrator-worktrees\6993fadb\tests\Mcg.AgentOrchestrator.Infrastructure.Tests\IdeationPlanTests.cs(79,17): warning CA1707: Remove the underscores from member name IdeationPlanTests.IdeationPlan_Parse_NumericDataPoint_CountsAsEvidence() (https://learn.microsoft.com/dotnet/fundamentals/code-analysis/quality-rules/ca1707) [C:\Users\miles\vcs\mcg-agent-orchestrator\.orchestrator-worktrees\6993fadb\tests\Mcg.AgentOrchestrator.Infrastructure.Tests\Mcg.AgentOrchestrator.Infrastructure.Tests.csproj]
C:\Users\miles\vcs\mcg-agent-orchestrator\.orchestrator-worktrees\6993fadb\tests\Mcg.AgentOrchestrator.Infrastructure.Tests\IdeationPlanTests.cs(94,17): warning CA1707: Remove the underscores from member name IdeationPlanTests.IdeationPlan_HasEvidenceCitation_KnownKeyword_ReturnsTrue() (https://learn.microsoft.com/dotnet/fundamentals/code-analysis/quality-rules/ca1707) [C:\Users\miles\vcs\mcg-agent-orchestrator\.orchestrator-worktrees\6993fadb\tests\Mcg.AgentOrchestrator.Infrastructure.Tests\Mcg.AgentOrchestrator.Infrastructure.Tests.csproj]
C:\Users\miles\vcs\mcg-agent-orchestrator\.orchestrator-worktrees\6993fadb\tests\Mcg.AgentOrchestrator.Infrastructure.Tests\ChaosGateTests.cs(323,17): warning CA1707: Remove the underscores from member name ChaosGateTests.Leniency_CommittedWorkerResultFile_PassesWhenNoStdoutBlock() (https://learn.microsoft.com/dotnet/fundamentals/code-analysis/quality-rules/ca1707) [C:\Users\miles\vcs\mcg-agent-orchestrator\.orchestrator-worktrees\6993fadb\tests\Mcg.AgentOrchestrator.Infrastructure.Tests\Mcg.AgentOrchestrator.Infrastructure.Tests.csproj]
C:\Users\miles\vcs\mcg-agent-orchestrator\.orchestrator-worktrees\6993fadb\tests\Mcg.AgentOrchestrator.Infrastructure.Tests\IdeationPlanTests.cs(103,17): warning CA1707: Remove the underscores from member name IdeationPlanTests.IdeationPlan_HasEvidenceCitation_GenericText_ReturnsFalse() (https://learn.microsoft.com/dotnet/fundamentals/code-analysis/quality-rules/ca1707) [C:\Users\miles\vcs\mcg-agent-orchestrator\.orchestrator-worktrees\6993fadb\tests\Mcg.AgentOrchestrator.Infrastructure.Tests\Mcg.AgentOrchestrator.Infrastructure.Tests.csproj]
C:\Users\miles\vcs\mcg-agent-orchestrator\.orchestrator-worktrees\6993fadb\tests\Mcg.AgentOrchestrator.Infrastructure.Tests\IdeationPlanTests.cs(113,17): warning CA1707: Remove the underscores from member name IdeationPlanTests.Cli_Ideate_Preview_ShowsIdeasWithoutAppending() (https://learn.microsoft.com/dotnet/fundamentals/code-analysis/quality-rules/ca1707) [C:\Users\miles\vcs\mcg-agent-orchestrator\.orchestrator-worktrees\6993fadb\tests\Mcg.AgentOrchestrator.Infrastructure.Tests\Mcg.AgentOrchestrator.Infrastructure.Tests.csproj]
C:\Users\miles\vcs\mcg-agent-orchestrator\.orchestrator-worktrees\6993fadb\tests\Mcg.AgentOrchestrator.Infrastructure.Tests\ChaosGateTests.cs(352,17): warning CA1707: Remove the underscores from member name ChaosGateTests.Leniency_UntrackedWorkerResultFile_DoesNotTripDirtyWorktreeGuard() (https://learn.microsoft.com/dotnet/fundamentals/code-analysis/quality-rules/ca1707) [C:\Users\miles\vcs\mcg-agent-orchestrator\.orchestrator-worktrees\6993fadb\tests\Mcg.AgentOrchestrator.Infrastructure.Tests\Mcg.AgentOrchestrator.Infrastructure.Tests.csproj]
C:\Users\miles\vcs\mcg-agent-orchestrator\.orchestrator-worktrees\6993fadb\tests\Mcg.AgentOrchestrator.Infrastructure.Tests\IdeationPlanTests.cs(140,17): warning CA1707: Remove the underscores from member name IdeationPlanTests.Cli_Ideate_AppendBacklog_AppendsIdeasToFile() (https://learn.microsoft.com/dotnet/fundamentals/code-analysis/quality-rules/ca1707) [C:\Users\miles\vcs\mcg-agent-orchestrator\.orchestrator-worktrees\6993fadb\tests\Mcg.AgentOrchestrator.Infrastructure.Tests\Mcg.AgentOrchestrator.Infrastructure.Tests.csproj]
C:\Users\miles\vcs\mcg-agent-orchestrator\.orchestrator-worktrees\6993fadb\tests\Mcg.AgentOrchestrator.Infrastructure.Tests\ChaosGateTests.cs(382,17): warning CA1707: Remove the underscores from member name ChaosGateTests.Leniency_RealUncommittedSourceFile_StillTripsDirtyGuard() (https://learn.microsoft.com/dotnet/fundamentals/code-analysis/quality-rules/ca1707) [C:\Users\miles\vcs\mcg-agent-orchestrator\.orchestrator-worktrees\6993fadb\tests\Mcg.AgentOrchestrator.Infrastructure.Tests\Mcg.AgentOrchestrator.Infrastructure.Tests.csproj]
C:\Users\miles\vcs\mcg-agent-orchestrator\.orchestrator-worktrees\6993fadb\tests\Mcg.AgentOrchestrator.Infrastructure.Tests\IdeationPlanTests.cs(166,17): warning CA1707: Remove the underscores from member name IdeationPlanTests.Cli_Ideate_AppendBacklog_HandWavyPlan_Throws() (https://learn.microsoft.com/dotnet/fundamentals/code-analysis/quality-rules/ca1707) [C:\Users\miles\vcs\mcg-agent-orchestrator\.orchestrator-worktrees\6993fadb\tests\Mcg.AgentOrchestrator.Infrastructure.Tests\Mcg.AgentOrchestrator.Infrastructure.Tests.csproj]
C:\Users\miles\vcs\mcg-agent-orchestrator\.orchestrator-worktrees\6993fadb\tests\Mcg.AgentOrchestrator.Infrastructure.Tests\IdeationPlanTests.cs(199,17): warning CA1707: Remove the underscores from member name IdeationPlanTests.IdeationPlan_SelectBestOfN_AllValid_PicksMostIdeas() (https://learn.microsoft.com/dotnet/fundamentals/code-analysis/quality-rules/ca1707) [C:\Users\miles\vcs\mcg-agent-orchestrator\.orchestrator-worktrees\6993fadb\tests\Mcg.AgentOrchestrator.Infrastructure.Tests\Mcg.AgentOrchestrator.Infrastructure.Tests.csproj]
C:\Users\miles\vcs\mcg-agent-orchestrator\.orchestrator-worktrees\6993fadb\tests\Mcg.AgentOrchestrator.Infrastructure.Tests\ChaosGateTests.cs(407,17): warning CA1707: Remove the underscores from member name ChaosGateTests.Leniency_NoWorkerResultAndNoChange_StillFailsOnGitGate() (https://learn.microsoft.com/dotnet/fundamentals/code-analysis/quality-rules/ca1707) [C:\Users\miles\vcs\mcg-agent-orchestrator\.orchestrator-worktrees\6993fadb\tests\Mcg.AgentOrchestrator.Infrastructure.Tests\Mcg.AgentOrchestrator.Infrastructure.Tests.csproj]
C:\Users\miles\vcs\mcg-agent-orchestrator\.orchestrator-worktrees\6993fadb\tests\Mcg.AgentOrchestrator.Infrastructure.Tests\IdeationPlanTests.cs(213,17): warning CA1707: Remove the underscores from member name IdeationPlanTests.IdeationPlan_SelectBestOfN_FirstInvalidSecondValid_PicksValid() (https://learn.microsoft.com/dotnet/fundamentals/code-analysis/quality-rules/ca1707) [C:\Users\miles\vcs\mcg-agent-orchestrator\.orchestrator-worktrees\6993fadb\tests\Mcg.AgentOrchestrator.Infrastructure.Tests\Mcg.AgentOrchestrator.Infrastructure.Tests.csproj]
C:\Users\miles\vcs\mcg-agent-orchestrator\.orchestrator-worktrees\6993fadb\tests\Mcg.AgentOrchestrator.Infrastructure.Tests\ConductorBatchLoopTests.cs(196,17): warning CA1707: Remove the underscores from member name ConductorBatchLoopTests.BatchLoop_CapHoldsThirdGoalWhenTwoAlreadyDispatched() (https://learn.microsoft.com/dotnet/fundamentals/code-analysis/quality-rules/ca1707) [C:\Users\miles\vcs\mcg-agent-orchestrator\.orchestrator-worktrees\6993fadb\tests\Mcg.AgentOrchestrator.Infrastructure.Tests\Mcg.AgentOrchestrator.Infrastructure.Tests.csproj]
C:\Users\miles\vcs\mcg-agent-orchestrator\.orchestrator-worktrees\6993fadb\tests\Mcg.AgentOrchestrator.Infrastructure.Tests\IdeationPlanTests.cs(227,17): warning CA1707: Remove the underscores from member name IdeationPlanTests.IdeationPlan_SelectBestOfN_NoneValid_ReturnsValidationErrors() (https://learn.microsoft.com/dotnet/fundamentals/code-analysis/quality-rules/ca1707) [C:\Users\miles\vcs\mcg-agent-orchestrator\.orchestrator-worktrees\6993fadb\tests\Mcg.AgentOrchestrator.Infrastructure.Tests\Mcg.AgentOrchestrator.Infrastructure.Tests.csproj]
C:\Users\miles\vcs\mcg-agent-orchestrator\.orchestrator-worktrees\6993fadb\tests\Mcg.AgentOrchestrator.Infrastructure.Tests\ChaosGateTests.cs(430,17): warning CA1707: Remove the underscores from member name ChaosGateTests.Leniency_BlockersNoneWithNotes_Passes() (https://learn.microsoft.com/dotnet/fundamentals/code-analysis/quality-rules/ca1707) [C:\Users\miles\vcs\mcg-agent-orchestrator\.orchestrator-worktrees\6993fadb\tests\Mcg.AgentOrchestrator.Infrastructure.Tests\Mcg.AgentOrchestrator.Infrastructure.Tests.csproj]
C:\Users\miles\vcs\mcg-agent-orchestrator\.orchestrator-worktrees\6993fadb\tests\Mcg.AgentOrchestrator.Infrastructure.Tests\ChaosGateTests.cs(450,17): warning CA1707: Remove the underscores from member name ChaosGateTests.Leniency_ModelFitAdequateOnly_Passes() (https://learn.microsoft.com/dotnet/fundamentals/code-analysis/quality-rules/ca1707) [C:\Users\miles\vcs\mcg-agent-orchestrator\.orchestrator-worktrees\6993fadb\tests\Mcg.AgentOrchestrator.Infrastructure.Tests\Mcg.AgentOrchestrator.Infrastructure.Tests.csproj]
C:\Users\miles\vcs\mcg-agent-orchestrator\.orchestrator-worktrees\6993fadb\tests\Mcg.AgentOrchestrator.Infrastructure.Tests\ChaosGateTests.cs(470,17): warning CA1707: Remove the underscores from member name ChaosGateTests.Leniency_ReportedBlockers_PassesAdvisoryWhenWorkCommitted() (https://learn.microsoft.com/dotnet/fundamentals/code-analysis/quality-rules/ca1707) [C:\Users\miles\vcs\mcg-agent-orchestrator\.orchestrator-worktrees\6993fadb\tests\Mcg.AgentOrchestrator.Infrastructure.Tests\Mcg.AgentOrchestrator.Infrastructure.Tests.csproj]
C:\Users\miles\vcs\mcg-agent-orchestrator\.orchestrator-worktrees\6993fadb\tests\Mcg.AgentOrchestrator.Infrastructure.Tests\ChaosGateTests.cs(493,17): warning CA1707: Remove the underscores from member name ChaosGateTests.Leniency_MissingEndMarker_TreatsEofAsTerminator() (https://learn.microsoft.com/dotnet/fundamentals/code-analysis/quality-rules/ca1707) [C:\Users\miles\vcs\mcg-agent-orchestrator\.orchestrator-worktrees\6993fadb\tests\Mcg.AgentOrchestrator.Infrastructure.Tests\Mcg.AgentOrchestrator.Infrastructure.Tests.csproj]
C:\Users\miles\vcs\mcg-agent-orchestrator\.orchestrator-worktrees\6993fadb\tests\Mcg.AgentOrchestrator.Infrastructure.Tests\ChaosGateTests.cs(520,17): warning CA1707: Remove the underscores from member name ChaosGateTests.Leniency_MarkdownDecoratedOpenerAndFields_Passes() (https://learn.microsoft.com/dotnet/fundamentals/code-analysis/quality-rules/ca1707) [C:\Users\miles\vcs\mcg-agent-orchestrator\.orchestrator-worktrees\6993fadb\tests\Mcg.AgentOrchestrator.Infrastructure.Tests\Mcg.AgentOrchestrator.Infrastructure.Tests.csproj]
C:\Users\miles\vcs\mcg-agent-orchestrator\.orchestrator-worktrees\6993fadb\tests\Mcg.AgentOrchestrator.Infrastructure.Tests\ConductorBatchLoopTests.cs(285,17): warning CA1707: Remove the underscores from member name ConductorBatchLoopTests.BatchLoop_AutoRetry_FlakeOnFirstAttemptRecoverOnRetry() (https://learn.microsoft.com/dotnet/fundamentals/code-analysis/quality-rules/ca1707) [C:\Users\miles\vcs\mcg-agent-orchestrator\.orchestrator-worktrees\6993fadb\tests\Mcg.AgentOrchestrator.Infrastructure.Tests\Mcg.AgentOrchestrator.Infrastructure.Tests.csproj]
C:\Users\miles\vcs\mcg-agent-orchestrator\.orchestrator-worktrees\6993fadb\tests\Mcg.AgentOrchestrator.Infrastructure.Tests\ConductorBatchLoopTests.cs(309,17): warning CA1707: Remove the underscores from member name ConductorBatchLoopTests.BatchLoop_AutoRetry_PersistentFailureEscalatesAfterNRetries() (https://learn.microsoft.com/dotnet/fundamentals/code-analysis/quality-rules/ca1707) [C:\Users\miles\vcs\mcg-agent-orchestrator\.orchestrator-worktrees\6993fadb\tests\Mcg.AgentOrchestrator.Infrastructure.Tests\Mcg.AgentOrchestrator.Infrastructure.Tests.csproj]
C:\Users\miles\vcs\mcg-agent-orchestrator\.orchestrator-worktrees\6993fadb\tests\Mcg.AgentOrchestrator.Infrastructure.Tests\ChaosGateTests.cs(549,17): warning CA1707: Remove the underscores from member name ChaosGateTests.Leniency_MarkdownHeadingOpener_Passes() (https://learn.microsoft.com/dotnet/fundamentals/code-analysis/quality-rules/ca1707) [C:\Users\miles\vcs\mcg-agent-orchestrator\.orchestrator-worktrees\6993fadb\tests\Mcg.AgentOrchestrator.Infrastructure.Tests\Mcg.AgentOrchestrator.Infrastructure.Tests.csproj]
C:\Users\miles\vcs\mcg-agent-orchestrator\.orchestrator-worktrees\6993fadb\tests\Mcg.AgentOrchestrator.Infrastructure.Tests\ChaosGateTests.cs(590,17): warning CA1707: Remove the underscores from member name ChaosGateTests.Leniency_MarkdownDecoratedCommittedFile_Passes() (https://learn.microsoft.com/dotnet/fundamentals/code-analysis/quality-rules/ca1707) [C:\Users\miles\vcs\mcg-agent-orchestrator\.orchestrator-worktrees\6993fadb\tests\Mcg.AgentOrchestrator.Infrastructure.Tests\Mcg.AgentOrchestrator.Infrastructure.Tests.csproj]
C:\Users\miles\vcs\mcg-agent-orchestrator\.orchestrator-worktrees\6993fadb\tests\Mcg.AgentOrchestrator.Infrastructure.Tests\ChaosGateTests.cs(619,17): warning CA1707: Remove the underscores from member name ChaosGateTests.Leniency_AnyStdoutFormatFailureFallsBackToCommittedFile_Passes() (https://learn.microsoft.com/dotnet/fundamentals/code-analysis/quality-rules/ca1707) [C:\Users\miles\vcs\mcg-agent-orchestrator\.orchestrator-worktrees\6993fadb\tests\Mcg.AgentOrchestrator.Infrastructure.Tests\Mcg.AgentOrchestrator.Infrastructure.Tests.csproj]
C:\Users\miles\vcs\mcg-agent-orchestrator\.orchestrator-worktrees\6993fadb\tests\Mcg.AgentOrchestrator.Infrastructure.Tests\ChaosGateTests.cs(667,17): warning CA1707: Remove the underscores from member name ChaosGateTests.Leniency_FieldScanNoOpener_Passes() (https://learn.microsoft.com/dotnet/fundamentals/code-analysis/quality-rules/ca1707) [C:\Users\miles\vcs\mcg-agent-orchestrator\.orchestrator-worktrees\6993fadb\tests\Mcg.AgentOrchestrator.Infrastructure.Tests\Mcg.AgentOrchestrator.Infrastructure.Tests.csproj]
C:\Users\miles\vcs\mcg-agent-orchestrator\.orchestrator-worktrees\6993fadb\tests\Mcg.AgentOrchestrator.Infrastructure.Tests\BacklogStoreTests.cs(345,21): warning CA1862: Prefer using 'string.Equals(string, StringComparison)' to perform a case-insensitive comparison, but keep in mind that this might cause subtle changes in behavior, so make sure to conduct thorough testing after applying the suggestion, or if culturally sensitive comparison is not required, consider using 'StringComparison.OrdinalIgnoreCase' (https://learn.microsoft.com/dotnet/fundamentals/code-analysis/quality-rules/ca1862) [C:\Users\miles\vcs\mcg-agent-orchestrator\.orchestrator-worktrees\6993fadb\tests\Mcg.AgentOrchestrator.Infrastructure.Tests\Mcg.AgentOrchestrator.Infrastructure.Tests.csproj]
C:\Users\miles\vcs\mcg-agent-orchestrator\.orchestrator-worktrees\6993fadb\tests\Mcg.AgentOrchestrator.Infrastructure.Tests\ChaosGateTests.cs(708,17): warning CA1707: Remove the underscores from member name ChaosGateTests.Leniency_MarkdownBlockersNoneWithNotes_Passes() (https://learn.microsoft.com/dotnet/fundamentals/code-analysis/quality-rules/ca1707) [C:\Users\miles\vcs\mcg-agent-orchestrator\.orchestrator-worktrees\6993fadb\tests\Mcg.AgentOrchestrator.Infrastructure.Tests\Mcg.AgentOrchestrator.Infrastructure.Tests.csproj]
C:\Users\miles\vcs\mcg-agent-orchestrator\.orchestrator-worktrees\6993fadb\tests\Mcg.AgentOrchestrator.Infrastructure.Tests\ChaosGateTests.cs(741,17): warning CA1707: Remove the underscores from member name ChaosGateTests.Leniency_MarkdownDecoratedReportedBlockers_PassesAdvisory() (https://learn.microsoft.com/dotnet/fundamentals/code-analysis/quality-rules/ca1707) [C:\Users\miles\vcs\mcg-agent-orchestrator\.orchestrator-worktrees\6993fadb\tests\Mcg.AgentOrchestrator.Infrastructure.Tests\Mcg.AgentOrchestrator.Infrastructure.Tests.csproj]
C:\Users\miles\vcs\mcg-agent-orchestrator\.orchestrator-worktrees\6993fadb\tests\Mcg.AgentOrchestrator.Infrastructure.Tests\ChaosGateTests.cs(775,17): warning CA1707: Remove the underscores from member name ChaosGateTests.Leniency_MarkdownDecoratedMissingSkills_PassesAdvisory() (https://learn.microsoft.com/dotnet/fundamentals/code-analysis/quality-rules/ca1707) [C:\Users\miles\vcs\mcg-agent-orchestrator\.orchestrator-worktrees\6993fadb\tests\Mcg.AgentOrchestrator.Infrastructure.Tests\Mcg.AgentOrchestrator.Infrastructure.Tests.csproj]
C:\Users\miles\vcs\mcg-agent-orchestrator\.orchestrator-worktrees\6993fadb\tests\Mcg.AgentOrchestrator.Infrastructure.Tests\ConductorBatchLoopTests.cs(380,17): warning CA1707: Remove the underscores from member name ConductorBatchLoopTests.BatchLoop_KillSwitch_StopFilePresentExitsBeforeAnyAdvance() (https://learn.microsoft.com/dotnet/fundamentals/code-analysis/quality-rules/ca1707) [C:\Users\miles\vcs\mcg-agent-orchestrator\.orchestrator-worktrees\6993fadb\tests\Mcg.AgentOrchestrator.Infrastructure.Tests\Mcg.AgentOrchestrator.Infrastructure.Tests.csproj]
C:\Users\miles\vcs\mcg-agent-orchestrator\.orchestrator-worktrees\6993fadb\tests\Mcg.AgentOrchestrator.Infrastructure.Tests\ConductorBatchLoopTests.cs(456,17): warning CA1707: Remove the underscores from member name ConductorBatchLoopTests.WatchMode_ContinuesAfterHeld_ThenExitsWhenStopped() (https://learn.microsoft.com/dotnet/fundamentals/code-analysis/quality-rules/ca1707) [C:\Users\miles\vcs\mcg-agent-orchestrator\.orchestrator-worktrees\6993fadb\tests\Mcg.AgentOrchestrator.Infrastructure.Tests\Mcg.AgentOrchestrator.Infrastructure.Tests.csproj]
C:\Users\miles\vcs\mcg-agent-orchestrator\.orchestrator-worktrees\6993fadb\tests\Mcg.AgentOrchestrator.Infrastructure.Tests\ConductorBatchLoopTests.cs(505,17): warning CA1707: Remove the underscores from member name ConductorBatchLoopTests.WatchMode_WithoutWatchFlag_BreaksWhenAllHeld() (https://learn.microsoft.com/dotnet/fundamentals/code-analysis/quality-rules/ca1707) [C:\Users\miles\vcs\mcg-agent-orchestrator\.orchestrator-worktrees\6993fadb\tests\Mcg.AgentOrchestrator.Infrastructure.Tests\Mcg.AgentOrchestrator.Infrastructure.Tests.csproj]
C:\Users\miles\vcs\mcg-agent-orchestrator\.orchestrator-worktrees\6993fadb\tests\Mcg.AgentOrchestrator.Infrastructure.Tests\ConductorBatchLoopTests.cs(526,17): warning CA1707: Remove the underscores from member name ConductorBatchLoopTests.OnTick_CalledAfterEachTick_WithCorrectSummary() (https://learn.microsoft.com/dotnet/fundamentals/code-analysis/quality-rules/ca1707) [C:\Users\miles\vcs\mcg-agent-orchestrator\.orchestrator-worktrees\6993fadb\tests\Mcg.AgentOrchestrator.Infrastructure.Tests\Mcg.AgentOrchestrator.Infrastructure.Tests.csproj]
C:\Users\miles\vcs\mcg-agent-orchestrator\.orchestrator-worktrees\6993fadb\tests\Mcg.AgentOrchestrator.Infrastructure.Tests\ConductorBatchLoopTests.cs(550,17): warning CA1707: Remove the underscores from member name ConductorBatchLoopTests.OnTick_WatchSleeping_TrueWhenAllHeldInWatchMode() (https://learn.microsoft.com/dotnet/fundamentals/code-analysis/quality-rules/ca1707) [C:\Users\miles\vcs\mcg-agent-orchestrator\.orchestrator-worktrees\6993fadb\tests\Mcg.AgentOrchestrator.Infrastructure.Tests\Mcg.AgentOrchestrator.Infrastructure.Tests.csproj]
C:\Users\miles\vcs\mcg-agent-orchestrator\.orchestrator-worktrees\6993fadb\tests\Mcg.AgentOrchestrator.Infrastructure.Tests\ConductorBatchLoopTests.cs(599,17): warning CA1707: Remove the underscores from member name ConductorBatchLoopTests.WatchMode_InjectableSleep_SleepFuncCalledAndContinues() (https://learn.microsoft.com/dotnet/fundamentals/code-analysis/quality-rules/ca1707) [C:\Users\miles\vcs\mcg-agent-orchestrator\.orchestrator-worktrees\6993fadb\tests\Mcg.AgentOrchestrator.Infrastructure.Tests\Mcg.AgentOrchestrator.Infrastructure.Tests.csproj]
C:\Users\miles\vcs\mcg-agent-orchestrator\.orchestrator-worktrees\6993fadb\tests\Mcg.AgentOrchestrator.Infrastructure.Tests\ConductorBatchLoopTests.cs(655,17): warning CA1707: Remove the underscores from member name ConductorBatchLoopTests.WatchMode_InjectableSleep_StopReturnedFromSleepFunc() (https://learn.microsoft.com/dotnet/fundamentals/code-analysis/quality-rules/ca1707) [C:\Users\miles\vcs\mcg-agent-orchestrator\.orchestrator-worktrees\6993fadb\tests\Mcg.AgentOrchestrator.Infrastructure.Tests\Mcg.AgentOrchestrator.Infrastructure.Tests.csproj]
C:\Users\miles\vcs\mcg-agent-orchestrator\.orchestrator-worktrees\6993fadb\tests\Mcg.AgentOrchestrator.Infrastructure.Tests\ConductorBatchLoopTests.cs(694,17): warning CA1707: Remove the underscores from member name ConductorBatchLoopTests.ProgressEmission_CompactLinesIncludeTickAndGoalEvents() (https://learn.microsoft.com/dotnet/fundamentals/code-analysis/quality-rules/ca1707) [C:\Users\miles\vcs\mcg-agent-orchestrator\.orchestrator-worktrees\6993fadb\tests\Mcg.AgentOrchestrator.Infrastructure.Tests\Mcg.AgentOrchestrator.Infrastructure.Tests.csproj]
C:\Users\miles\vcs\mcg-agent-orchestrator\.orchestrator-worktrees\6993fadb\tests\Mcg.AgentOrchestrator.Infrastructure.Tests\ConductorBatchLoopTests.cs(718,17): warning CA1707: Remove the underscores from member name ConductorBatchLoopTests.ProgressEmission_TickSummaryContainsProgressLines() (https://learn.microsoft.com/dotnet/fundamentals/code-analysis/quality-rules/ca1707) [C:\Users\miles\vcs\mcg-agent-orchestrator\.orchestrator-worktrees\6993fadb\tests\Mcg.AgentOrchestrator.Infrastructure.Tests\Mcg.AgentOrchestrator.Infrastructure.Tests.csproj]
C:\Users\miles\vcs\mcg-agent-orchestrator\.orchestrator-worktrees\6993fadb\tests\Mcg.AgentOrchestrator.Infrastructure.Tests\ConductorBatchLoopTests.cs(743,17): warning CA1707: Remove the underscores from member name ConductorBatchLoopTests.BatchLoop_FaultIsolation_ThrowingGoalEscalated_HealthyGoalStillAdvanced() (https://learn.microsoft.com/dotnet/fundamentals/code-analysis/quality-rules/ca1707) [C:\Users\miles\vcs\mcg-agent-orchestrator\.orchestrator-worktrees\6993fadb\tests\Mcg.AgentOrchestrator.Infrastructure.Tests\Mcg.AgentOrchestrator.Infrastructure.Tests.csproj]
C:\Users\miles\vcs\mcg-agent-orchestrator\.orchestrator-worktrees\6993fadb\tests\Mcg.AgentOrchestrator.Infrastructure.Tests\ConductorBatchLoopTests.cs(777,17): warning CA1707: Remove the underscores from member name ConductorBatchLoopTests.BatchLoop_TerminalGoals_CancelledExcludedFromEligible() (https://learn.microsoft.com/dotnet/fundamentals/code-analysis/quality-rules/ca1707) [C:\Users\miles\vcs\mcg-agent-orchestrator\.orchestrator-worktrees\6993fadb\tests\Mcg.AgentOrchestrator.Infrastructure.Tests\Mcg.AgentOrchestrator.Infrastructure.Tests.csproj]
C:\Users\miles\vcs\mcg-agent-orchestrator\.orchestrator-worktrees\6993fadb\tests\Mcg.AgentOrchestrator.Infrastructure.Tests\ConductorBatchLoopTests.cs(807,17): warning CA1707: Remove the underscores from member name ConductorBatchLoopTests.MaxDuration_ParameterAcceptedAndLoopExitsCleanly() (https://learn.microsoft.com/dotnet/fundamentals/code-analysis/quality-rules/ca1707) [C:\Users\miles\vcs\mcg-agent-orchestrator\.orchestrator-worktrees\6993fadb\tests\Mcg.AgentOrchestrator.Infrastructure.Tests\Mcg.AgentOrchestrator.Infrastructure.Tests.csproj]
C:\Users\miles\vcs\mcg-agent-orchestrator\.orchestrator-worktrees\6993fadb\tests\Mcg.AgentOrchestrator.Infrastructure.Tests\GoalWorktreeTests.cs(1559,60): warning xUnit1031: Test methods should not use blocking task operations, as they can cause deadlocks. Use an async test method and await instead. (https://xunit.net/xunit.analyzers/rules/xUnit1031) [C:\Users\miles\vcs\mcg-agent-orchestrator\.orchestrator-worktrees\6993fadb\tests\Mcg.AgentOrchestrator.Infrastructure.Tests\Mcg.AgentOrchestrator.Infrastructure.Tests.csproj]
C:\Users\miles\vcs\mcg-agent-orchestrator\.orchestrator-worktrees\6993fadb\tests\Mcg.AgentOrchestrator.Infrastructure.Tests\GoalWorktreeTests.cs(1489,60): warning xUnit1031: Test methods should not use blocking task operations, as they can cause deadlocks. Use an async test method and await instead. (https://xunit.net/xunit.analyzers/rules/xUnit1031) [C:\Users\miles\vcs\mcg-agent-orchestrator\.orchestrator-worktrees\6993fadb\tests\Mcg.AgentOrchestrator.Infrastructure.Tests\Mcg.AgentOrchestrator.Infrastructure.Tests.csproj]
C:\Users\miles\vcs\mcg-agent-orchestrator\.orchestrator-worktrees\6993fadb\tests\Mcg.AgentOrchestrator.Infrastructure.Tests\GoalWorktreeTests.cs(1608,60): warning xUnit1031: Test methods should not use blocking task operations, as they can cause deadlocks. Use an async test method and await instead. (https://xunit.net/xunit.analyzers/rules/xUnit1031) [C:\Users\miles\vcs\mcg-agent-orchestrator\.orchestrator-worktrees\6993fadb\tests\Mcg.AgentOrchestrator.Infrastructure.Tests\Mcg.AgentOrchestrator.Infrastructure.Tests.csproj]
C:\Users\miles\vcs\mcg-agent-orchestrator\.orchestrator-worktrees\6993fadb\tests\Mcg.AgentOrchestrator.Infrastructure.Tests\GoalWorktreeTests.cs(1529,34): warning xUnit1031: Test methods should not use blocking task operations, as they can cause deadlocks. Use an async test method and await instead. (https://xunit.net/xunit.analyzers/rules/xUnit1031) [C:\Users\miles\vcs\mcg-agent-orchestrator\.orchestrator-worktrees\6993fadb\tests\Mcg.AgentOrchestrator.Infrastructure.Tests\Mcg.AgentOrchestrator.Infrastructure.Tests.csproj]
C:\Users\miles\vcs\mcg-agent-orchestrator\.orchestrator-worktrees\6993fadb\tests\Mcg.AgentOrchestrator.Infrastructure.Tests\GoalWorktreeTests.cs(1532,35): warning xUnit1031: Test methods should not use blocking task operations, as they can cause deadlocks. Use an async test method and await instead. (https://xunit.net/xunit.analyzers/rules/xUnit1031) [C:\Users\miles\vcs\mcg-agent-orchestrator\.orchestrator-worktrees\6993fadb\tests\Mcg.AgentOrchestrator.Infrastructure.Tests\Mcg.AgentOrchestrator.Infrastructure.Tests.csproj]
C:\Users\miles\vcs\mcg-agent-orchestrator\.orchestrator-worktrees\6993fadb\tests\Mcg.AgentOrchestrator.Infrastructure.Tests\GoalWorktreeTests.cs(1535,40): warning xUnit1031: Test methods should not use blocking task operations, as they can cause deadlocks. Use an async test method and await instead. (https://xunit.net/xunit.analyzers/rules/xUnit1031) [C:\Users\miles\vcs\mcg-agent-orchestrator\.orchestrator-worktrees\6993fadb\tests\Mcg.AgentOrchestrator.Infrastructure.Tests\Mcg.AgentOrchestrator.Infrastructure.Tests.csproj]
C:\Users\miles\vcs\mcg-agent-orchestrator\.orchestrator-worktrees\6993fadb\tests\Mcg.AgentOrchestrator.Infrastructure.Tests\WorkerDispatchTests.cs(4082,32): warning CA1859: Change return type of method 'ClearWorkerSandboxEnv' from 'System.IDisposable' to 'WorkerDispatchTests.WorkerSandboxEnvRestore' for improved performance (https://learn.microsoft.com/dotnet/fundamentals/code-analysis/quality-rules/ca1859) [C:\Users\miles\vcs\mcg-agent-orchestrator\.orchestrator-worktrees\6993fadb\tests\Mcg.AgentOrchestrator.Infrastructure.Tests\Mcg.AgentOrchestrator.Infrastructure.Tests.csproj]
